// Jest Snapshot v1, https://goo.gl/fbAQLP

exports[`InputSearch component should render input field of type text with search icon 1`] = `
<DocumentFragment>
  <div
    class="sc-bdVaJa jChFM"
  >
    <img
      alt="A search icon indicating that this input box is for searching the page content"
      src="/static/icons/search.svg"
    />
    <input
      aria-label="Search for a member of staff"
      placeholder="Start typing..."
      type="text"
    />
  </div>
</DocumentFragment>
`;
