// Jest Snapshot v1, https://goo.gl/fbAQLP

exports[`Hero component should render with correct elements 1`] = `
<DocumentFragment>
  <div
    class="sc-bdVaJa duMbDV"
    role="banner"
  >
    <h1>
      Find a member of staff
    </h1>
    <p>
      Use the search box to get started
    </p>
    <div
      class="sc-bwzfXH cAdroO"
    >
      <img
        alt="A search icon indicating that this input box is for searching the page content"
        src="/static/icons/search.svg"
      />
      <input
        aria-label="Search for a member of staff"
        placeholder="Start typing..."
        type="text"
      />
    </div>
  </div>
</DocumentFragment>
`;
